Microchip MPLAB XC8 Compiler V2.00 ()

Linker command line:

--edf=C:\Program Files (x86)\Microchip\xc8\v2.00\pic\dat\en_msgs.txt -cs \
  -h+dist/default/production\protectx.X.production.sym \
  --cmf=dist/default/production\protectx.X.production.cmf -z -Q18F458 \
  -oC:\Users\EW3MM\AppData\Local\Temp\s3qg.2 \
  -Mdist/default/production/protectx.X.production.map -E1 -ver=XC8 \
  -ASTACK=0FDh-05ffh -pstack=STACK -ACODE=00h-03FFFhx2 -ACONST=00h-07FFFh \
  -ASMALLCONST=0600h-06FFhx122 -AMEDIUMCONST=0600h-07FFFh -ACOMRAM=01h-05Fh \
  -AABS1=00h-05FFh -ABIGRAM=01h-05FFh -ARAM=060h-0FFh,0100h-01FFhx5 \
  -ABANK0=060h-0FFh -ABANK1=0100h-01FFh -ABANK2=0200h-02FFh \
  -ABANK3=0300h-03FFh -ABANK4=0400h-04FFh -ABANK5=0500h-05FFh \
  -ASFR=0F00h-0F5Fh,0F60h-0FFFh \
  -preset_vec=00h,intcode=08h,intcodelo,powerup,init -pramtop=0600h \
  -psmallconst=SMALLCONST -pmediumconst=MEDIUMCONST -pconst=CONST \
  -AFARRAM=00h-00h -ACONFIG=0300000h-030000Dh -pconfig=CONFIG \
  -AIDLOC=0200000h-0200007h -pidloc=IDLOC -AEEDATA=0F00000h-0F000FFh \
  -peeprom_data=EEDATA \
  -prdata=COMRAM,nvrram=COMRAM,nvbit=COMRAM,rbss=COMRAM,rbit=COMRAM \
  -pfarbss=FARRAM,fardata=FARRAM,nvFARRAM=FARRAM \
  -pintsave_regs=BIGRAM,bigbss=BIGRAM,bigdata=BIGRAM -pbss=RAM \
  -pidata=CODE,irdata=CODE,ibigdata=CODE,ifardata=CODE -prparam=COMRAM \
  C:\Users\EW3MM\AppData\Local\Temp\s3qg.obj \
  dist/default/production\protectx.X.production.obj 

Object code version is 3.11

Machine type is 18F458

Call graph: (short form)




                Name                               Link     Load   Length Selector   Space Scale
C:\Users\EW3MM\AppData\Local\Temp\s3qg.obj
                text                               23D8     23D8        2      345       0
                init                                 BC       BC        4        4       0
                reset_vec                             0        0        6        0       0
                idloc                            200000   200000        8   200000       0
                config                           300000   300000        E   300000       0
dist/default/production\protectx.X.production.obj
                eeprom_data                      F00000   F00000       20   F00000       0
                intcode                               8        8       B4        4       0
                temp                                 59       59        1        1       1
                smallconst                          600      600       8A      300       0
                text53                             23B4     23B4       10      345       0
                text52                             22AE     22AE       22      345       0
                text51                             23CE     23CE        A      345       0
                text50                             21E8     21E8       2A      345       0
                text48                             2136     2136       30      345       0
                text47                             19FC     19FC       AE      345       0
                text46                             209E     209E       36      345       0
                text45                             130E     130E      13E      345       0
                text44                             1BE0     1BE0       96      345       0
                text43                             2288     2288       26      345       0
                text42                             2326     2326       1C      345       0
                text41                             21BE     21BE       2A      345       0
                text40                             235C     235C       1A      345       0
                text39                             1CF6     1CF6       80      345       0
                text38                             1AAA     1AAA       9E      345       0
                text37                             1E5E     1E5E       62      345       0
                text36                             1B48     1B48       98      345       0
                text35                             223A     223A       28      345       0
                text34                             22D0     22D0       1E      345       0
                text33                             2030     2030       38      345       0
                text32                             194A     194A       B2      345       0
                text31                             2166     2166       2E      345       0
                text30                             230A     230A       1C      345       0
                text29                             23A4     23A4       10      345       0
                text28                             144C     144C       E6      345       0
                text27                             2376     2376       18      345       0
                text26                             22EE     22EE       1C      345       0
                text25                             2342     2342       1A      345       0
                text24                             20D4     20D4       32      345       0
                text23                             17BE     17BE       CC      345       0
                text22                             1F68     1F68       52      345       0
                text21                             2212     2212       28      345       0
                text20                             1614     1614       DA      345       0
                text19                             1040     1040      172      345       0
                text18                             1FF6     1FF6       3A      345       0
                text17                             11B2     11B2      15C      345       0
                text16                              A70      A70      33E      345       0
                text15                             23C4     23C4        A      345       0
                text14                             2194     2194       2A      345       0
                text13                             1F14     1F14       54      345       0
                text12                             1DF2     1DF2       6C      345       0
                text11                             1C76     1C76       80      345       0
                text10                             1EC0     1EC0       54      345       0
                text9                              2068     2068       36      345       0
                text8                              2262     2262       26      345       0
                text7                               68A      68A      3E6      345       0
                text6                              1532     1532       E2      345       0
                text5                              238E     238E       16      345       0
                text4                               DAE      DAE      292      345       0
                text3                              1D76     1D76       7C      345       0
                text2                              2106     2106       30      345       0
                text1                              16EE     16EE       D0      345       0
                text0                              188A     188A       C0      345       0
                cstackCOMRAM                          1        1       45        1       1
                cstackBANK0                          F6       F6        6       60       1
                dataBANK0                            FC       FC        1       60       1
                bssBANK0                             60       60       79       60       1
                bssCOMRAM                            46       46       11        1       1
                cinit                              1FBA     1FBA       3C      345       0
                nvBANK0                              D9       D9       1D       60       1
                nvCOMRAM                             57       57        2        1       1
                idataBANK0                         23DA     23DA        1      345       0

TOTAL           Name                               Link     Load   Length     Space
        CLASS   STACK          

        CLASS   CODE           
                intcode                               8        8       B4         0
                text                               23D8     23D8        2         0
                init                                 BC       BC        4         0
                reset_vec                             0        0        6         0
                text53                             23B4     23B4       10         0
                text52                             22AE     22AE       22         0
                text51                             23CE     23CE        A         0
                text50                             21E8     21E8       2A         0
                text48                             2136     2136       30         0
                text47                             19FC     19FC       AE         0
                text46                             209E     209E       36         0
                text45                             130E     130E      13E         0
                text44                             1BE0     1BE0       96         0
                text43                             2288     2288       26         0
                text42                             2326     2326       1C         0
                text41                             21BE     21BE       2A         0
                text40                             235C     235C       1A         0
                text39                             1CF6     1CF6       80         0
                text38                             1AAA     1AAA       9E         0
                text37                             1E5E     1E5E       62         0
                text36                             1B48     1B48       98         0
                text35                             223A     223A       28         0
                text34                             22D0     22D0       1E         0
                text33                             2030     2030       38         0
                text32                             194A     194A       B2         0
                text31                             2166     2166       2E         0
                text30                             230A     230A       1C         0
                text29                             23A4     23A4       10         0
                text28                             144C     144C       E6         0
                text27                             2376     2376       18         0
                text26                             22EE     22EE       1C         0
                text25                             2342     2342       1A         0
                text24                             20D4     20D4       32         0
                text23                             17BE     17BE       CC         0
                text22                             1F68     1F68       52         0
                text21                             2212     2212       28         0
                text20                             1614     1614       DA         0
                text19                             1040     1040      172         0
                text18                             1FF6     1FF6       3A         0
                text17                             11B2     11B2      15C         0
                text16                              A70      A70      33E         0
                text15                             23C4     23C4        A         0
                text14                             2194     2194       2A         0
                text13                             1F14     1F14       54         0
                text12                             1DF2     1DF2       6C         0
                text11                             1C76     1C76       80         0
                text10                             1EC0     1EC0       54         0
                text9                              2068     2068       36         0
                text8                              2262     2262       26         0
                text7                               68A      68A      3E6         0
                text6                              1532     1532       E2         0
                text5                              238E     238E       16         0
                text4                               DAE      DAE      292         0
                text3                              1D76     1D76       7C         0
                text2                              2106     2106       30         0
                text1                              16EE     16EE       D0         0
                text0                              188A     188A       C0         0
                cinit                              1FBA     1FBA       3C         0
                idataBANK0                         23DA     23DA        1         0

        CLASS   CONST          

        CLASS   SMALLCONST     
                smallconst                          600      600       8A         0

        CLASS   MEDIUMCONST    

        CLASS   COMRAM         
                temp                                 59       59        1         1
                cstackCOMRAM                          1        1       45         1
                bssCOMRAM                            46       46       11         1
                nvCOMRAM                             57       57        2         1

        CLASS   ABS1           

        CLASS   BIGRAM         

        CLASS   RAM            

        CLASS   BANK0          
                cstackBANK0                          F6       F6        6         1
                dataBANK0                            FC       FC        1         1
                bssBANK0                             60       60       79         1
                nvBANK0                              D9       D9       1D         1

        CLASS   BANK1          

        CLASS   BANK2          

        CLASS   BANK3          

        CLASS   BANK4          

        CLASS   BANK5          

        CLASS   SFR            

        CLASS   FARRAM         

        CLASS   CONFIG         
                config                           300000   300000        E         0

        CLASS   IDLOC          
                idloc                            200000   200000        8         0

        CLASS   EEDATA         
                eeprom_data                      F00000   F00000       20         0



SEGMENTS        Name                           Load    Length   Top    Selector   Space  Class

                reset_vec                      000000  000006  000006         0       0  CODE    
                cstackCOMRAM                   000001  000059  00005A         1       1  COMRAM  
                intcode                        000008  0000B8  0000C0         4       0  CODE    
                bssBANK0                       000060  00009D  0000FD        60       1  BANK0   
                smallconst                     000600  00008A  00068A       300       0  SMALLCON
                text7                          00068A  001D51  0023DB       345       0  CODE    
                idloc                          200000  000008  200008    200000       0  IDLOC   
                config                         300000  00000E  30000E    300000       0  CONFIG  
                eeprom_data                    F00000  000020  F00020    F00000       0  EEDATA  


UNUSED ADDRESS RANGES

        Name                Unused          Largest block    Delta
        BANK0            0000FD-0000FF                3
        BANK1            000100-0001FF              100
        BANK2            000200-0002FF              100
        BANK3            000300-0003FF              100
        BANK4            000400-0004FF              100
        BANK5            000500-0005FF              100
        BIGRAM           00005A-00005F                6
                         0000FD-0005FF              503
        CODE             000006-000007                2
                         0000C0-0005FF              540
                         0023DB-007FFF             1C25
        COMRAM           00005A-00005F                6
        CONST            000006-000007                2
                         0000C0-0005FF              540
                         0023DB-007FFF             5C25
        EEDATA           F00020-F000FF               E0
        MEDIUMCONST      0023DB-007FFF             5C25
        RAM              0000FD-0005FF              100
        SFR              000F00-000FFF               60
        SMALLCONST       0023DB-007FFF              100
        STACK            0000FD-0005FF              503

                                  Symbol Table

?_ADC                                                            cstackCOMRAM 000005
?___ftadd                                                        cstackCOMRAM 00000D
?___ftmul                                                        cstackCOMRAM 00000D
?___ftneg                                                        cstackCOMRAM 000005
?___ftpack                                                       cstackCOMRAM 000005
?___ftsub                                                        cstackCOMRAM 000019
?___fttol                                                        cstackCOMRAM 00002F
?___lldiv                                                        cstackCOMRAM 000005
?___lltoft                                                       cstackCOMRAM 00000D
?___lwdiv                                                        cstackCOMRAM 000005
?___lwtoft                                                       cstackCOMRAM 00000D
?_fabs                                                           cstackCOMRAM 000010
?_readEEPROM16                                                   cstackCOMRAM 000006
?_sqrt                                                           cstackCOMRAM 00001F
ADC@ch                                                           cstackCOMRAM 000009
AntennaSelect@ant                                                cstackCOMRAM 000005
ConvertNumber@conv                                               cstackCOMRAM 000009
ConvertNumber@number                                             cstackCOMRAM 000005
CreateBuffTX@data                                                cstackCOMRAM 00000D
CreateBuffTX@str                                                 cstackCOMRAM 00000C
DelayMs@ms                                                       cstackCOMRAM 000006
DelayS@sec                                                       cstackCOMRAM 000007
EEsetupRead@lW                                                   cstackBANK0  0000FA
EEsetupRead@pW                                                   cstackBANK0  0000F6
EEsetupRead@rW                                                   cstackBANK0  0000F8
FreqMeasure@err                                                  cstackCOMRAM 00001D
FreqMeasure@jj                                                   cstackCOMRAM 00001C
FreqMeasure@tmr                                                  cstackCOMRAM 00001E
LCDpageSelect@page                                               cstackCOMRAM 000013
LCDpageSelect@tt                                                 cstackCOMRAM 000012
LCDversionSend@rep                                               cstackCOMRAM 000012
ProtectCheck@beepPer                                             bssBANK0     000064
ProtectCheck@bp                                                  bssBANK0     000084
ProtectCheck@bpt                                                 bssBANK0     000066
PttHoldControl@t                                                 bssBANK0     000085
SetBand@bb                                                       cstackCOMRAM 000005
SetupMode@eadr                                                   cstackCOMRAM 000024
SetupMode@lW                                                     cstackCOMRAM 000022
SetupMode@pW                                                     cstackCOMRAM 00001E
SetupMode@rW                                                     cstackCOMRAM 000020
_ADC                                                             text48       002136
_ADCON0                                                          (abs)        000FC2
_ADCON0bits                                                      (abs)        000FC2
_ADCON1                                                          (abs)        000FC1
_ADCmeasure                                                      text47       0019FC
_ADRESH                                                          (abs)        000FC4
_ADRESL                                                          (abs)        000FC3
_AntennaSelect                                                   text27       002376
_BandDecode                                                      text38       001AAA
_Beep                                                            text26       0022EE
_CCP1CON                                                         (abs)        000FBD
_CMCON                                                           (abs)        000FB4
_ConvertNumber                                                   text45       00130E
_CreateBuffTX                                                    text44       001BE0
_DelayMs                                                         text43       002288
_DelayS                                                          text46       00209E
_EEADR                                                           (abs)        000FA9
_EECON1                                                          (abs)        000FA6
_EECON1bits                                                      (abs)        000FA6
_EECON2                                                          (abs)        000FA7
_EEDATA                                                          (abs)        000FA8
_EEmbandRead                                                     text24       0020D4
_EEsetupRead                                                     text16       000A70
_FanControl                                                      text3        001D76
_FreqMeasure                                                     text32       00194A
_INTCON                                                          (abs)        000FF2
_INTCON2bits                                                     (abs)        000FF1
_INTCONbits                                                      (abs)        000FF2
_LATA                                                            (abs)        000F89
_LATB                                                            (abs)        000F8A
_LATBbits                                                        (abs)        000F8A
_LATC                                                            (abs)        000F8B
_LATCbits                                                        (abs)        000F8B
_LATD                                                            (abs)        000F8C
_LATDbits                                                        (abs)        000F8C
_LATE                                                            (abs)        000F8D
_LATEbits                                                        (abs)        000F8D
_LCDpageSelect                                                   text12       001DF2
_LCDversionSend                                                  text41       0021BE
_PIE1bits                                                        (abs)        000F9D
_PIR1bits                                                        (abs)        000F9E
_PIR2bits                                                        (abs)        000FA1
_PORTA                                                           (abs)        000F80
_PORTAbits                                                       (abs)        000F80
_PORTB                                                           (abs)        000F81
_PORTC                                                           (abs)        000F82
_PORTCbits                                                       (abs)        000F82
_PORTD                                                           (abs)        000F83
_PORTE                                                           (abs)        000F84
_PTT_OFF                                                         text40       00235C
_PTT_ON                                                          text31       002166
_PTT_read                                                        text30       00230A
_ProtectCheck                                                    text28       00144C
_PttHoldControl                                                  text2        002106
_RCREG                                                           (abs)        000FAE
_RCSTA                                                           (abs)        000FAB
_RCSTAbits                                                       (abs)        000FAB
_RXrestart                                                       text14       002194
_RXstartTIMER                                                    text53       0023B4
_RXstopTIMER                                                     text15       0023C4
_ReadStatusFromLCD                                               text6        001532
_RecieveError                                                    text52       0022AE
_SPBRG                                                           (abs)        000FAF
_STKPTR                                                          (abs)        000FFC
_SendStatusToLCD                                                 text4        000DAE
_SendUSART                                                       text42       002326
_SetBand                                                         text39       001CF6
_SetupMode                                                       text7        00068A
_SlowControl                                                     text1        0016EE
_SwitchOFF                                                       text29       0023A4
_T0CON                                                           (abs)        000FD5
_T1CON                                                           (abs)        000FCD
_T2CON                                                           (abs)        000FCA
_T3CON                                                           (abs)        000FB1
_TMR0                                                            (abs)        000FD6
_TMR1                                                            (abs)        000FCE
_TMR1H                                                           (abs)        000FCF
_TMR1L                                                           (abs)        000FCE
_TMR2                                                            (abs)        000FCC
_TMR3H                                                           (abs)        000FB3
_TMR3L                                                           (abs)        000FB2
_TRISA                                                           (abs)        000F92
_TRISB                                                           (abs)        000F93
_TRISC                                                           (abs)        000F94
_TRISD                                                           (abs)        000F95
_TRISE                                                           (abs)        000F96
_TXREG                                                           (abs)        000FAD
_TXSTA                                                           (abs)        000FAC
_Tramsmitt                                                       text5        00238E
_WDTCON                                                          (abs)        000FD1
__CFG_BOR$ON                                                     (abs)        000000
__CFG_BORV$27                                                    (abs)        000000
__CFG_CP0$OFF                                                    (abs)        000000
__CFG_CP1$OFF                                                    (abs)        000000
__CFG_CP2$OFF                                                    (abs)        000000
__CFG_CP3$OFF                                                    (abs)        000000
__CFG_CPB$OFF                                                    (abs)        000000
__CFG_CPD$OFF                                                    (abs)        000000
__CFG_DEBUG$OFF                                                  (abs)        000000
__CFG_EBTR0$OFF                                                  (abs)        000000
__CFG_EBTR1$OFF                                                  (abs)        000000
__CFG_EBTR2$OFF                                                  (abs)        000000
__CFG_EBTR3$OFF                                                  (abs)        000000
__CFG_EBTRB$OFF                                                  (abs)        000000
__CFG_LVP$OFF                                                    (abs)        000000
__CFG_OSC$HSPLL                                                  (abs)        000000
__CFG_OSCS$OFF                                                   (abs)        000000
__CFG_PWRT$ON                                                    (abs)        000000
__CFG_STVR$ON                                                    (abs)        000000
__CFG_WDT$ON                                                     (abs)        000000
__CFG_WDTPS$128                                                  (abs)        000000
__CFG_WRT0$OFF                                                   (abs)        000000
__CFG_WRT1$OFF                                                   (abs)        000000
__CFG_WRT2$OFF                                                   (abs)        000000
__CFG_WRT3$OFF                                                   (abs)        000000
__CFG_WRTB$OFF                                                   (abs)        000000
__CFG_WRTC$OFF                                                   (abs)        000000
__CFG_WRTD$OFF                                                   (abs)        000000
__HRAM                                                           (abs)        000000
__Habs1                                                          abs1         000000
__Hbank0                                                         bank0        000000
__Hbank1                                                         bank1        000000
__Hbank2                                                         bank2        000000
__Hbank3                                                         bank3        000000
__Hbank4                                                         bank4        000000
__Hbank5                                                         bank5        000000
__Hbigbss                                                        bigbss       000000
__Hbigdata                                                       bigdata      000000
__Hbigram                                                        bigram       000000
__Hbss                                                           bss          000000
__HbssBANK0                                                      bssBANK0     000000
__HbssCOMRAM                                                     bssCOMRAM    000000
__Hcinit                                                         cinit        000000
__Hclrtext                                                       clrtext      000000
__Hcomram                                                        comram       000000
__Hconfig                                                        config       30000E
__Hconst                                                         const        000000
__HcstackBANK0                                                   cstackBANK0  000000
__HcstackCOMRAM                                                  cstackCOMRAM 000000
__Hdata                                                          data         000000
__HdataBANK0                                                     dataBANK0    000000
__Heeprom_data                                                   eeprom_data  F00020
__Hfarbss                                                        farbss       000000
__Hfardata                                                       fardata      000000
__Hibigdata                                                      ibigdata     000000
__Hidata                                                         idata        000000
__HidataBANK0                                                    idataBANK0   000000
__Hidloc                                                         idloc        200008
__Hifardata                                                      ifardata     000000
__Hinit                                                          init         0000C0
__Hintcode                                                       intcode      0000BC
__Hintcode_body                                                  intcode_body 000000
__Hintcodelo                                                     intcodelo    0000BC
__Hintentry                                                      intentry     000000
__Hintret                                                        intret       000000
__Hintsave_regs                                                  intsave_regs 000000
__Hirdata                                                        irdata       000000
__Hmediumconst                                                   mediumconst  000000
__HnvBANK0                                                       nvBANK0      000000
__HnvCOMRAM                                                      nvCOMRAM     000000
__HnvFARRAM                                                      nvFARRAM     000000
__Hnvbit                                                         nvbit        000000
__Hnvrram                                                        nvrram       000000
__Hparam                                                         rparam       000000
__Hpowerup                                                       powerup      0000BC
__Hram                                                           ram          000000
__Hramtop                                                        ramtop       000600
__Hrbit                                                          rbit         000000
__Hrbss                                                          rbss         000000
__Hrdata                                                         rdata        000000
__Hreset_vec                                                     reset_vec    000006
__Hrparam                                                        rparam       000000
__Hsfr                                                           sfr          000000
__Hsmallconst                                                    smallconst   00068A
__Hspace_0                                                       (abs)        F00020
__Hspace_1                                                       (abs)        0000FD
__Hspace_2                                                       (abs)        000000
__Hstack                                                         stack        000000
__Hstruct                                                        struct       000000
__Htemp                                                          temp         00005A
__Htext                                                          text         000000
__Htext0                                                         text0        000000
__Htext1                                                         text1        000000
__Htext10                                                        text10       000000
__Htext11                                                        text11       000000
__Htext12                                                        text12       000000
__Htext13                                                        text13       000000
__Htext14                                                        text14       000000
__Htext15                                                        text15       000000
__Htext16                                                        text16       000000
__Htext17                                                        text17       000000
__Htext18                                                        text18       000000
__Htext19                                                        text19       000000
__Htext2                                                         text2        000000
__Htext20                                                        text20       000000
__Htext21                                                        text21       000000
__Htext22                                                        text22       000000
__Htext23                                                        text23       000000
__Htext24                                                        text24       000000
__Htext25                                                        text25       000000
__Htext26                                                        text26       000000
__Htext27                                                        text27       000000
__Htext28                                                        text28       000000
__Htext29                                                        text29       000000
__Htext3                                                         text3        000000
__Htext30                                                        text30       000000
__Htext31                                                        text31       000000
__Htext32                                                        text32       000000
__Htext33                                                        text33       000000
__Htext34                                                        text34       000000
__Htext35                                                        text35       000000
__Htext36                                                        text36       000000
__Htext37                                                        text37       000000
__Htext38                                                        text38       000000
__Htext39                                                        text39       000000
__Htext4                                                         text4        000000
__Htext40                                                        text40       000000
__Htext41                                                        text41       000000
__Htext42                                                        text42       000000
__Htext43                                                        text43       000000
__Htext44                                                        text44       000000
__Htext45                                                        text45       000000
__Htext46                                                        text46       000000
__Htext47                                                        text47       000000
__Htext48                                                        text48       000000
__Htext5                                                         text5        000000
__Htext50                                                        text50       000000
__Htext51                                                        text51       000000
__Htext52                                                        text52       000000
__Htext53                                                        text53       000000
__Htext6                                                         text6        000000
__Htext7                                                         text7        000000
__Htext8                                                         text8        000000
__Htext9                                                         text9        000000
__LRAM                                                           (abs)        000001
__Labs1                                                          abs1         000000
__Lbank0                                                         bank0        000000
__Lbank1                                                         bank1        000000
__Lbank2                                                         bank2        000000
__Lbank3                                                         bank3        000000
__Lbank4                                                         bank4        000000
__Lbank5                                                         bank5        000000
__Lbigbss                                                        bigbss       000000
__Lbigdata                                                       bigdata      000000
__Lbigram                                                        bigram       000000
__Lbss                                                           bss          000000
__LbssBANK0                                                      bssBANK0     000000
__LbssCOMRAM                                                     bssCOMRAM    000000
__Lcinit                                                         cinit        000000
__Lclrtext                                                       clrtext      000000
__Lcomram                                                        comram       000000
__Lconfig                                                        config       300000
__Lconst                                                         const        000000
__LcstackBANK0                                                   cstackBANK0  000000
__LcstackCOMRAM                                                  cstackCOMRAM 000000
__Ldata                                                          data         000000
__LdataBANK0                                                     dataBANK0    000000
__Leeprom_data                                                   eeprom_data  F00000
__Lfarbss                                                        farbss       000000
__Lfardata                                                       fardata      000000
__Libigdata                                                      ibigdata     000000
__Lidata                                                         idata        000000
__LidataBANK0                                                    idataBANK0   000000
__Lidloc                                                         idloc        200000
__Lifardata                                                      ifardata     000000
__Linit                                                          init         0000BC
__Lintcode                                                       intcode      000008
__Lintcode_body                                                  intcode_body 000000
__Lintcodelo                                                     intcodelo    0000BC
__Lintentry                                                      intentry     000000
__Lintret                                                        intret       000000
__Lintsave_regs                                                  intsave_regs 000000
__Lirdata                                                        irdata       000000
__Lmediumconst                                                   mediumconst  000000
__LnvBANK0                                                       nvBANK0      000000
__LnvCOMRAM                                                      nvCOMRAM     000000
__LnvFARRAM                                                      nvFARRAM     000000
__Lnvbit                                                         nvbit        000000
__Lnvrram                                                        nvrram       000000
__Lparam                                                         rparam       000000
__Lpowerup                                                       powerup      0000BC
__Lram                                                           ram          000000
__Lramtop                                                        ramtop       000600
__Lrbit                                                          rbit         000000
__Lrbss                                                          rbss         000000
__Lrdata                                                         rdata        000000
__Lreset_vec                                                     reset_vec    000000
__Lrparam                                                        rparam       000000
__Lsfr                                                           sfr          000000
__Lsmallconst                                                    smallconst   000600
__Lspace_0                                                       (abs)        000000
__Lspace_1                                                       (abs)        000000
__Lspace_2                                                       (abs)        000000
__Lstack                                                         stack        000000
__Lstruct                                                        struct       000000
__Ltemp                                                          temp         000059
__Ltext                                                          text         000000
__Ltext0                                                         text0        000000
__Ltext1                                                         text1        000000
__Ltext10                                                        text10       000000
__Ltext11                                                        text11       000000
__Ltext12                                                        text12       000000
__Ltext13                                                        text13       000000
__Ltext14                                                        text14       000000
__Ltext15                                                        text15       000000
__Ltext16                                                        text16       000000
__Ltext17                                                        text17       000000
__Ltext18                                                        text18       000000
__Ltext19                                                        text19       000000
__Ltext2                                                         text2        000000
__Ltext20                                                        text20       000000
__Ltext21                                                        text21       000000
__Ltext22                                                        text22       000000
__Ltext23                                                        text23       000000
__Ltext24                                                        text24       000000
__Ltext25                                                        text25       000000
__Ltext26                                                        text26       000000
__Ltext27                                                        text27       000000
__Ltext28                                                        text28       000000
__Ltext29                                                        text29       000000
__Ltext3                                                         text3        000000
__Ltext30                                                        text30       000000
__Ltext31                                                        text31       000000
__Ltext32                                                        text32       000000
__Ltext33                                                        text33       000000
__Ltext34                                                        text34       000000
__Ltext35                                                        text35       000000
__Ltext36                                                        text36       000000
__Ltext37                                                        text37       000000
__Ltext38                                                        text38       000000
__Ltext39                                                        text39       000000
__Ltext4                                                         text4        000000
__Ltext40                                                        text40       000000
__Ltext41                                                        text41       000000
__Ltext42                                                        text42       000000
__Ltext43                                                        text43       000000
__Ltext44                                                        text44       000000
__Ltext45                                                        text45       000000
__Ltext46                                                        text46       000000
__Ltext47                                                        text47       000000
__Ltext48                                                        text48       000000
__Ltext5                                                         text5        000000
__Ltext50                                                        text50       000000
__Ltext51                                                        text51       000000
__Ltext52                                                        text52       000000
__Ltext53                                                        text53       000000
__Ltext6                                                         text6        000000
__Ltext7                                                         text7        000000
__Ltext8                                                         text8        000000
__Ltext9                                                         text9        000000
__S0                                                             (abs)        F00020
__S1                                                             (abs)        0000FD
__S2                                                             (abs)        000000
___ftadd                                                         text19       001040
___ftadd@exp1                                                    cstackCOMRAM 000018
___ftadd@exp2                                                    cstackCOMRAM 000017
___ftadd@f1                                                      cstackCOMRAM 00000D
___ftadd@f2                                                      cstackCOMRAM 000010
___ftadd@sign                                                    cstackCOMRAM 000016
___ftge                                                          text37       001E5E
___ftge@ff1                                                      cstackCOMRAM 000013
___ftge@ff2                                                      cstackCOMRAM 000016
___ftmul                                                         text20       001614
___ftmul@exp                                                     cstackCOMRAM 000016
___ftmul@f1                                                      cstackCOMRAM 00000D
___ftmul@f2                                                      cstackCOMRAM 000010
___ftmul@f3_as_product                                           cstackCOMRAM 000018
___ftmul@sign                                                    cstackCOMRAM 000017
___ftneg                                                         text34       0022D0
___ftneg@f1                                                      cstackCOMRAM 000005
___ftpack                                                        text36       001B48
___ftpack@arg                                                    cstackCOMRAM 000005
___ftpack@exp                                                    cstackCOMRAM 000008
___ftpack@sign                                                   cstackCOMRAM 000009
___ftsub                                                         text18       001FF6
___ftsub@f1                                                      cstackCOMRAM 000019
___ftsub@f2                                                      cstackCOMRAM 00001C
___fttol                                                         text23       0017BE
___fttol@exp1                                                    cstackCOMRAM 00003D
___fttol@f1                                                      cstackCOMRAM 00002F
___fttol@lval                                                    cstackCOMRAM 000039
___fttol@sign1                                                   cstackCOMRAM 000038
___inthi_sp                                                      stack        000000
___intlo_sp                                                      stack        000000
___lldiv                                                         text11       001C76
___lldiv@counter                                                 cstackCOMRAM 000011
___lldiv@dividend                                                cstackCOMRAM 000005
___lldiv@divisor                                                 cstackCOMRAM 000009
___lldiv@quotient                                                cstackCOMRAM 00000D
___lltoft                                                        text22       001F68
___lltoft@c                                                      cstackCOMRAM 00000D
___lltoft@exp                                                    cstackCOMRAM 000015
___lwdiv                                                         text10       001EC0
___lwdiv@counter                                                 cstackCOMRAM 00000B
___lwdiv@dividend                                                cstackCOMRAM 000005
___lwdiv@divisor                                                 cstackCOMRAM 000007
___lwdiv@quotient                                                cstackCOMRAM 000009
___lwtoft                                                        text35       00223A
___lwtoft@c                                                      cstackCOMRAM 00000D
___param_bank                                                    (abs)        000000
___rparam_used                                                   (abs)        000001
___sp                                                            stack        000000
__accesstop                                                      (abs)        000060
__activetblptr                                                   (abs)        000001
__cntErrataNOP_C:\Users\EW3MM\AppData\Local\Temp\s3qg.obj        (abs)        000001
__cntErrataNOP_dist/default/production\protectx.X.production.obj (abs)        0000C0
__end_of_ADC                                                     text48       002166
__end_of_ADCmeasure                                              text47       001AAA
__end_of_AntennaSelect                                           text27       00238E
__end_of_BandDecode                                              text38       001B48
__end_of_Beep                                                    text26       00230A
__end_of_ConvertNumber                                           text45       00144C
__end_of_CreateBuffTX                                            text44       001C76
__end_of_DelayMs                                                 text43       0022AE
__end_of_DelayS                                                  text46       0020D4
__end_of_EEmbandRead                                             text24       002106
__end_of_EEsetupRead                                             text16       000DAE
__end_of_FanControl                                              text3        001DF2
__end_of_FreqMeasure                                             text32       0019FC
__end_of_LCDpageSelect                                           text12       001E5E
__end_of_LCDversionSend                                          text41       0021E8
__end_of_PTT_OFF                                                 text40       002376
__end_of_PTT_ON                                                  text31       002194
__end_of_PTT_read                                                text30       002326
__end_of_ProtectCheck                                            text28       001532
__end_of_PttHoldControl                                          text2        002136
__end_of_RXrestart                                               text14       0021BE
__end_of_RXstartTIMER                                            text53       0023C4
__end_of_RXstopTIMER                                             text15       0023CE
__end_of_ReadStatusFromLCD                                       text6        001614
__end_of_RecieveError                                            text52       0022D0
__end_of_SendStatusToLCD                                         text4        001040
__end_of_SendUSART                                               text42       002342
__end_of_SetBand                                                 text39       001D76
__end_of_SetupMode                                               text7        000A70
__end_of_SlowControl                                             text1        0017BE
__end_of_SwitchOFF                                               text29       0023B4
__end_of_Tramsmitt                                               text5        0023A4
__end_of___ftadd                                                 text19       0011B2
__end_of___ftge                                                  text37       001EC0
__end_of___ftmul                                                 text20       0016EE
__end_of___ftneg                                                 text34       0022EE
__end_of___ftpack                                                text36       001BE0
__end_of___ftsub                                                 text18       002030
__end_of___fttol                                                 text23       00188A
__end_of___lldiv                                                 text11       001CF6
__end_of___lltoft                                                text22       001FBA
__end_of___lwdiv                                                 text10       001F14
__end_of___lwtoft                                                text35       002262
__end_of__initialization                                         cinit        001FE4
__end_of_fabs                                                    text33       002068
__end_of_isr                                                     intcode      0000BC
__end_of_main                                                    text0        00194A
__end_of_readEEPROM                                              text25       00235C
__end_of_readEEPROM16                                            text21       00223A
__end_of_sqrt                                                    text17       00130E
__end_of_waitAckFromLCD                                          text13       001F68
__end_of_writeEEPROM                                             text9        00209E
__end_of_writeEEPROM16                                           text8        002288
__end_ofi2_RXrestart                                             text50       002212
__end_ofi2_RXstopTIMER                                           text51       0023D8
__initialization                                                 cinit        001FBA
__mediumconst                                                    mediumconst  000000
__pbssBANK0                                                      bssBANK0     000060
__pbssCOMRAM                                                     bssCOMRAM    000046
__pcinit                                                         cinit        001FBA
__pcstackBANK0                                                   cstackBANK0  0000F6
__pcstackCOMRAM                                                  cstackCOMRAM 000001
__pdataBANK0                                                     dataBANK0    0000FC
__pidataBANK0                                                    idataBANK0   0023DA
__pintcode                                                       intcode      000008
__pnvBANK0                                                       nvBANK0      0000D9
__pnvCOMRAM                                                      nvCOMRAM     000057
__psmallconst                                                    smallconst   000600
__ptext0                                                         text0        00188A
__ptext1                                                         text1        0016EE
__ptext10                                                        text10       001EC0
__ptext11                                                        text11       001C76
__ptext12                                                        text12       001DF2
__ptext13                                                        text13       001F14
__ptext14                                                        text14       002194
__ptext15                                                        text15       0023C4
__ptext16                                                        text16       000A70
__ptext17                                                        text17       0011B2
__ptext18                                                        text18       001FF6
__ptext19                                                        text19       001040
__ptext2                                                         text2        002106
__ptext20                                                        text20       001614
__ptext21                                                        text21       002212
__ptext22                                                        text22       001F68
__ptext23                                                        text23       0017BE
__ptext24                                                        text24       0020D4
__ptext25                                                        text25       002342
__ptext26                                                        text26       0022EE
__ptext27                                                        text27       002376
__ptext28                                                        text28       00144C
__ptext29                                                        text29       0023A4
__ptext3                                                         text3        001D76
__ptext30                                                        text30       00230A
__ptext31                                                        text31       002166
__ptext32                                                        text32       00194A
__ptext33                                                        text33       002030
__ptext34                                                        text34       0022D0
__ptext35                                                        text35       00223A
__ptext36                                                        text36       001B48
__ptext37                                                        text37       001E5E
__ptext38                                                        text38       001AAA
__ptext39                                                        text39       001CF6
__ptext4                                                         text4        000DAE
__ptext40                                                        text40       00235C
__ptext41                                                        text41       0021BE
__ptext42                                                        text42       002326
__ptext43                                                        text43       002288
__ptext44                                                        text44       001BE0
__ptext45                                                        text45       00130E
__ptext46                                                        text46       00209E
__ptext47                                                        text47       0019FC
__ptext48                                                        text48       002136
__ptext5                                                         text5        00238E
__ptext50                                                        text50       0021E8
__ptext51                                                        text51       0023CE
__ptext52                                                        text52       0022AE
__ptext53                                                        text53       0023B4
__ptext6                                                         text6        001532
__ptext7                                                         text7        00068A
__ptext8                                                         text8        002262
__ptext9                                                         text9        002068
__ramtop                                                         ramtop       000600
__size_of_ADC                                                    (abs)        000000
__size_of_ADCmeasure                                             (abs)        000000
__size_of_AntennaSelect                                          (abs)        000000
__size_of_BandDecode                                             (abs)        000000
__size_of_Beep                                                   (abs)        000000
__size_of_ConvertNumber                                          (abs)        000000
__size_of_CreateBuffTX                                           (abs)        000000
__size_of_DelayMs                                                (abs)        000000
__size_of_DelayS                                                 (abs)        000000
__size_of_EEmbandRead                                            (abs)        000000
__size_of_EEsetupRead                                            (abs)        000000
__size_of_FanControl                                             (abs)        000000
__size_of_FreqMeasure                                            (abs)        000000
__size_of_LCDpageSelect                                          (abs)        000000
__size_of_LCDversionSend                                         (abs)        000000
__size_of_PTT_OFF                                                (abs)        000000
__size_of_PTT_ON                                                 (abs)        000000
__size_of_PTT_read                                               (abs)        000000
__size_of_ProtectCheck                                           (abs)        000000
__size_of_PttHoldControl                                         (abs)        000000
__size_of_RXrestart                                              (abs)        000000
__size_of_RXstartTIMER                                           (abs)        000000
__size_of_RXstopTIMER                                            (abs)        000000
__size_of_ReadStatusFromLCD                                      (abs)        000000
__size_of_RecieveError                                           (abs)        000000
__size_of_SendStatusToLCD                                        (abs)        000000
__size_of_SendUSART                                              (abs)        000000
__size_of_SetBand                                                (abs)        000000
__size_of_SetupMode                                              (abs)        000000
__size_of_SlowControl                                            (abs)        000000
__size_of_SwitchOFF                                              (abs)        000000
__size_of_Tramsmitt                                              (abs)        000000
__size_of___ftadd                                                (abs)        000000
__size_of___ftge                                                 (abs)        000000
__size_of___ftmul                                                (abs)        000000
__size_of___ftneg                                                (abs)        000000
__size_of___ftpack                                               (abs)        000000
__size_of___ftsub                                                (abs)        000000
__size_of___fttol                                                (abs)        000000
__size_of___lldiv                                                (abs)        000000
__size_of___lltoft                                               (abs)        000000
__size_of___lwdiv                                                (abs)        000000
__size_of___lwtoft                                               (abs)        000000
__size_of_fabs                                                   (abs)        000000
__size_of_isr                                                    (abs)        000000
__size_of_main                                                   (abs)        000000
__size_of_readEEPROM                                             (abs)        000000
__size_of_readEEPROM16                                           (abs)        000000
__size_of_sqrt                                                   (abs)        000000
__size_of_waitAckFromLCD                                         (abs)        000000
__size_of_writeEEPROM                                            (abs)        000000
__size_of_writeEEPROM16                                          (abs)        000000
__size_ofi2_RXrestart                                            (abs)        000000
__size_ofi2_RXstopTIMER                                          (abs)        000000
__smallconst                                                     smallconst   000600
_aband                                                           nvBANK0      0000F1
_ant                                                             nvBANK0      0000F2
_band                                                            nvCOMRAM     000057
_band_old                                                        bssBANK0     00008B
_beeper                                                          nvBANK0      0000EE
_biasdel                                                         nvBANK0      0000F4
_bstate                                                          bssBANK0     00008A
_bstate_old                                                      bssBANK0     000089
_buffRX                                                          bssBANK0     0000CF
_buffTX                                                          bssBANK0     00008F
_bypass                                                          nvCOMRAM     000058
_cpeak                                                           bssBANK0     000078
_cpeak_old                                                       bssBANK0     000072
_curr                                                            bssCOMRAM    00004C
_cvtout                                                          bssBANK0     000068
_elpf                                                            bssBANK0     00006C
_err                                                             bssCOMRAM    000054
_err_old                                                         dataBANK0    0000FC
_fabs                                                            text33       002030
_fan                                                             bssBANK0     00008D
_fanptt                                                          nvBANK0      0000F3
_fpeak                                                           bssCOMRAM    000046
_fpeak_old                                                       bssBANK0     000076
_freq                                                            bssCOMRAM    000048
_frtout                                                          bssBANK0     00006A
_frwd                                                            bssCOMRAM    000050
_hystF                                                           nvBANK0      0000EF
_hystT                                                           nvBANK0      0000F0
_isr                                                             intcode      000008
_lcd                                                             bssCOMRAM    000055
_logo                                                            nvBANK0      0000ED
_lpferrC                                                         nvBANK0      0000DB
_lpferrP                                                         nvBANK0      0000DD
_lpferrR                                                         nvBANK0      0000D9
_main                                                            text0        00188A
_max_curr                                                        nvBANK0      0000E3
_max_pwr                                                         nvBANK0      0000E9
_max_ref                                                         nvBANK0      0000E7
_max_tFAN                                                        nvBANK0      0000DF
_max_temp                                                        nvBANK0      0000E1
_max_volt                                                        nvBANK0      0000E5
_maxf                                                            bssBANK0     00008E
_med                                                             bssBANK0     00008C
_ptt                                                             bssCOMRAM    000056
_ptt_hold                                                        nvBANK0      0000EB
_ptt_htimer                                                      bssBANK0     000088
_readEEPROM                                                      text25       002342
_readEEPROM16                                                    text21       002212
_refl                                                            bssCOMRAM    00004E
_reldel                                                          nvBANK0      0000F5
_rpeak                                                           bssBANK0     00007A
_rpeak_old                                                       bssBANK0     000074
_rx_end                                                          bssBANK0     000086
_rxb                                                             bssCOMRAM    000053
_sensor                                                          nvBANK0      0000EC
_sqrt                                                            text17       0011B2
_temp                                                            bssCOMRAM    00004A
_tempM                                                           bssBANK0     000070
_temp_old                                                        bssBANK0     00007C
_tmp                                                             bssBANK0     000060
_tx_len                                                          bssCOMRAM    000052
_txb                                                             bssBANK0     000087
_volt                                                            bssBANK0     000082
_voltM                                                           bssBANK0     00006E
_volt_old                                                        bssBANK0     00007E
_volt_view                                                       bssBANK0     000080
_waitAckFromLCD                                                  text13       001F14
_writeEEPROM                                                     text9        002068
_writeEEPROM16                                                   text8        002262
btemp                                                            temp         000059
end_of_initialization                                            cinit        001FE4
fabs@d                                                           cstackCOMRAM 000010
i2_RXrestart                                                     text50       0021E8
i2_RXstopTIMER                                                   text51       0023CE
int$flags                                                        temp         000059
intlevel0                                                        text         0023D8
intlevel1                                                        text         0023D8
intlevel2                                                        text         0023D8
intlevel3                                                        text         0023D8
isr@rx                                                           cstackCOMRAM 000004
readEEPROM16@addr                                                cstackCOMRAM 00000D
readEEPROM16@ee                                                  cstackCOMRAM 00000B
readEEPROM@addr                                                  cstackCOMRAM 000005
sqrt@a                                                           cstackCOMRAM 00001F
sqrt@i                                                           cstackCOMRAM 000028
sqrt@q                                                           cstackCOMRAM 000029
sqrt@x                                                           cstackCOMRAM 00002C
sqrt@z                                                           cstackCOMRAM 000025
stackhi                                                          (abs)        0005FF
stacklo                                                          (abs)        0000FD
start                                                            init         0000BC
start_initialization                                             cinit        001FBA
ttemp5                                                           temp         00005A
ttemp6                                                           temp         00005D
ttemp7                                                           temp         000061
waitAckFromLCD@ack                                               cstackCOMRAM 000005
writeEEPROM16@addr                                               cstackCOMRAM 000008
writeEEPROM16@data                                               cstackCOMRAM 00000A
writeEEPROM@INTCON_SAVE                                          cstackCOMRAM 000007
writeEEPROM@address                                              cstackCOMRAM 000006
writeEEPROM@data                                                 cstackCOMRAM 000005
wtemp8                                                           temp         00005A


FUNCTION INFORMATION:

 *************** function _main *****************
 Defined at:
		line 71 in file "../main.c"
 Parameters:    Size  Location     Type
		None
 Auto vars:     Size  Location     Type
		None
[...]
      Locals:         0       0       0       0       0       0       0
      Temps:          0       0       0       0       0       0       0
      Totals:         0       0       0       0       0       0       0
Total ram usage:        0 bytes
 Hardware stack levels used:    1
 Hardware stack levels required when called:    4
 This function calls:
		_DelayMs
 This function is called by:
		_PTT_read
		_ReadStatusFromLCD
 This function uses a non-reentrant model


 *************** function _LCDversionSend *****************
 Defined at:
		line 306 in file "../nextion.h"
 Parameters:    Size  Location     Type
		None
 Auto vars:     Size  Location     Type
  rep             1   17[COMRAM] unsigned char 
 Return value:  Size  Location     Type
                  1    wreg      void 
 Registers used:
		wreg, fsr2l, fsr2h, status,2, status,0, tblptrl, tblptrh, tblptru, cstack
 Tracked objects:
		On entry : 
		On exit  : 
		Unchanged: 
 Data sizes:     COMRAM   BANK0   BANK1   BANK2   BANK3   BANK4   BANK5
      Params:         0       0       0       0       0       0       0
      Locals:         1       0       0       0       0       0       0
      Temps:          0       0       0       0       0       0       0
      Totals:         1       0       0       0       0       0       0
Total ram usage:        1 bytes
 Hardware stack levels used:    1
 Hardware stack levels required when called:    5
 This function calls:
		_CreateBuffTX
		_SendUSART
 This function is called by:
		_main
 This function uses a non-reentrant model


 *************** function _SendUSART *****************
 Defined at:
		line 201 in file "../nextion.h"
 Parameters:    Size  Location     Type
		None
 Auto vars:     Size  Location     Type
		None
 Return value:  Size  Location     Type
                  1    wreg      void 
 Registers used:
		wreg, status,2, status,0, cstack
 Tracked objects:
		On entry : 
		On exit  : 
		Unchanged: 
 Data sizes:     COMRAM   BANK0   BANK1   BANK2   BANK3   BANK4   BANK5
      Params:         0       0       0       0       0       0       0
      Locals:         0       0       0       0       0       0       0
      Temps:          0       0       0       0       0       0       0
      Totals:         0       0       0       0       0       0       0
Total ram usage:        0 bytes
 Hardware stack levels used:    1
 Hardware stack levels required when called:    4
 This function calls:
		_DelayMs
 This function is called by:
		_SetupMode
		_LCDpageSelect
		_LCDversionSend
 This function uses a non-reentrant model


 *************** function _DelayMs *****************
 Defined at:
		line 74 in file "../digital.h"
 Parameters:    Size  Location     Type
  ms              1    wreg     unsigned char 
 Auto vars:     Size  Location     Type
  ms              1    5[COMRAM] unsigned char 
 Return value:  Size  Location     Type
                  1    wreg      void 
 Registers used:
		wreg, status,2, status,0
 Tracked objects:
		On entry : 
		On exit  : 
		Unchanged: 
 Data sizes:     COMRAM   BANK0   BANK1   BANK2   BANK3   BANK4   BANK5
      Params:         0       0       0       0       0       0       0
      Locals:         1       0       0       0       0       0       0
      Temps:          1       0       0       0       0       0       0
      Totals:         2       0       0       0       0       0       0
Total ram usage:        2 bytes
 Hardware stack levels used:    1
 Hardware stack levels required when called:    3
 This function calls:
		Nothing
 This function is called by:
		_Beep
		_PTT_ON
		_PTT_OFF
		_SendUSART
 This function uses a non-reentrant model


 *************** function _CreateBuffTX *****************
 Defined at:
		line 24 in file "../nextion.h"
 Parameters:    Size  Location     Type
  str             1   11[COMRAM] PTR const unsigned char 
		 -> STR_26(8), STR_25(12), STR_24(10), STR_23(10), 
		 -> STR_22(4), STR_21(4), STR_20(4), STR_19(5), 
		 -> STR_18(4), STR_17(4), STR_16(5), STR_15(5), 
		 -> STR_14(4), STR_13(4), STR_12(4), STR_11(4), 
		 -> STR_10(4), STR_9(4), STR_8(5), STR_7(5), 
		 -> STR_6(5), STR_5(5), STR_4(4), STR_3(4), 
		 -> STR_2(4), STR_1(4), 
  data            4   12[COMRAM] unsigned long 
 Auto vars:     Size  Location     Type
		None
 Return value:  Size  Location     Type
                  1    wreg      void 
 Registers used:
		wreg, fsr2l, fsr2h, status,2, status,0, tblptrl, tblptrh, tblptru, cstack
 Tracked objects:
		On entry : 
		On exit  : 
		Unchanged: 
 Data sizes:     COMRAM   BANK0   BANK1   BANK2   BANK3   BANK4   BANK5
      Params:         5       0       0       0       0       0       0
      Locals:         0       0       0       0       0       0       0
      Temps:          1       0       0       0       0       0       0
      Totals:         6       0       0       0       0       0       0
Total ram usage:        6 bytes
 Hardware stack levels used:    1
 Hardware stack levels required when called:    4
 This function calls:
		_ConvertNumber
 This function is called by:
		_SendStatusToLCD
		_SetupMode
		_LCDpageSelect
		_LCDversionSend
 This function uses a non-reentrant model


 *************** function _ConvertNumber *****************
 Defined at:
		line 6 in file "../nextion.h"
 Parameters:    Size  Location     Type
  number          4    4[COMRAM] unsigned long 
  conv            1    8[COMRAM] PTR unsigned char 
		 -> buffTX(64), 
 Auto vars:     Size  Location     Type
		None
 Return value:  Size  Location     Type
                  1    wreg      void 
 Registers used:
		wreg, fsr2l, fsr2h, status,2, status,0
 Tracked objects:
		On entry : 
		On exit  : 
		Unchanged: 
 Data sizes:     COMRAM   BANK0   BANK1   BANK2   BANK3   BANK4   BANK5
      Params:         5       0       0       0       0       0       0
      Locals:         0       0       0       0       0       0       0
      Temps:          0       0       0       0       0       0       0
      Totals:         5       0       0       0       0       0       0
Total ram usage:        5 bytes
 Hardware stack levels used:    1
 Hardware stack levels required when called:    3
 This function calls:
		Nothing
 This function is called by:
		_CreateBuffTX
 This function uses a non-reentrant model


 *************** function _DelayS *****************
 Defined at:
		line 64 in file "../digital.h"
 Parameters:    Size  Location     Type
  sec             1    wreg     unsigned char 
 Auto vars:     Size  Location     Type
  sec             1    6[COMRAM] unsigned char 
 Return value:  Size  Location     Type
                  1    wreg      void 
 Registers used:
		wreg, status,2, status,0, prodl, prodh
 Tracked objects:
		On entry : 
		On exit  : 
		Unchanged: 
 Data sizes:     COMRAM   BANK0   BANK1   BANK2   BANK3   BANK4   BANK5
      Params:         0       0       0       0       0       0       0
      Locals:         1       0       0       0       0       0       0
      Temps:          2       0       0       0       0       0       0
      Totals:         3       0       0       0       0       0       0
Total ram usage:        3 bytes
 Hardware stack levels used:    1
 Hardware stack levels required when called:    3
 This function calls:
		Nothing
 This function is called by:
		_main
 This function uses a non-reentrant model


 *************** function _ADCmeasure *****************
 Defined at:
		line 14 in file "../adc.h"
 Parameters:    Size  Location     Type
		None
 Auto vars:     Size  Location     Type
		None
 Return value:  Size  Location     Type
                  1    wreg      void 
 Registers used:
		wreg, status,2, status,0, cstack
 Tracked objects:
		On entry : 
		On exit  : 
		Unchanged: 
 Data sizes:     COMRAM   BANK0   BANK1   BANK2   BANK3   BANK4   BANK5
      Params:         0       0       0       0       0       0       0
      Locals:         0       0       0       0       0       0       0
      Temps:          0       0       0       0       0       0       0
      Totals:         0       0       0       0       0       0       0
Total ram usage:        0 bytes
 Hardware stack levels used:    1
 Hardware stack levels required when called:    4
 This function calls:
		_ADC
 This function is called by:
		_main
 This function uses a non-reentrant model


 *************** function _ADC *****************
 Defined at:
		line 3 in file "../adc.h"
 Parameters:    Size  Location     Type
  ch              1    wreg     unsigned char 
 Auto vars:     Size  Location     Type
  ch              1    8[COMRAM] unsigned char 
 Return value:  Size  Location     Type
                  2    4[COMRAM] unsigned int 
 Registers used:
		wreg, status,2, status,0
 Tracked objects:
		On entry : 
		On exit  : 
		Unchanged: 
 Data sizes:     COMRAM   BANK0   BANK1   BANK2   BANK3   BANK4   BANK5
      Params:         2       0       0       0       0       0       0
      Locals:         1       0       0       0       0       0       0
      Temps:          2       0       0       0       0       0       0
      Totals:         5       0       0       0       0       0       0
Total ram usage:        5 bytes
 Hardware stack levels used:    1
 Hardware stack levels required when called:    3
 This function calls:
		Nothing
 This function is called by:
		_ADCmeasure
		_SlowControl
 This function uses a non-reentrant model


 *************** function _isr *****************
 Defined at:
		line 45 in file "../usart.h"
 Parameters:    Size  Location     Type
		None
 Auto vars:     Size  Location     Type
  rx              1    3[COMRAM] unsigned char 
 Return value:  Size  Location     Type
                  1    wreg      void 
 Registers used:
		wreg, fsr2l, fsr2h, status,2, status,0, cstack
 Tracked objects:
		On entry : 
		On exit  : 
		Unchanged: 
 Data sizes:     COMRAM   BANK0   BANK1   BANK2   BANK3   BANK4   BANK5
      Params:         0       0       0       0       0       0       0
      Locals:         1       0       0       0       0       0       0
      Temps:          3       0       0       0       0       0       0
      Totals:         4       0       0       0       0       0       0
Total ram usage:        4 bytes
 Hardware stack levels used:    1
 Hardware stack levels required when called:    2
 This function calls:
		_RXstartTIMER
		_RecieveError
		i2_RXrestart
		i2_RXstopTIMER
 This function is called by:
		Interrupt level 2
 This function uses a non-reentrant model


 *************** function i2_RXrestart *****************
 Defined at:
		line 17 in file "../usart.h"
 Parameters:    Size  Location     Type
		None
 Auto vars:     Size  Location     Type
		None
 Return value:  Size  Location     Type
                  1    wreg      void 
 Registers used:
		wreg, fsr2l, fsr2h, status,2, status,0, cstack
 Tracked objects:
		On entry : 
		On exit  : 
		Unchanged: 
 Data sizes:     COMRAM   BANK0   BANK1   BANK2   BANK3   BANK4   BANK5
      Params:         0       0       0       0       0       0       0
      Locals:         0       0       0       0       0       0       0
      Temps:          0       0       0       0       0       0       0
      Totals:         0       0       0       0       0       0       0
Total ram usage:        0 bytes
 Hardware stack levels used:    1
 Hardware stack levels required when called:    1
 This function calls:
		i2_RXstopTIMER
 This function is called by:
		_isr
 This function uses a non-reentrant model


 *************** function i2_RXstopTIMER *****************
 Defined at:
		line 10 in file "../usart.h"
 Parameters:    Size  Location     Type
		None
 Auto vars:     Size  Location     Type
		None
 Return value:  Size  Location     Type
                  1    wreg      void 
 Registers used:
		None
 Tracked objects:
		On entry : 
		On exit  : 
		Unchanged: 
 Data sizes:     COMRAM   BANK0   BANK1   BANK2   BANK3   BANK4   BANK5
      Params:         0       0       0       0       0       0       0
      Locals:         0       0       0       0       0       0       0
      Temps:          0       0       0       0       0       0       0
      Totals:         0       0       0       0       0       0       0
Total ram usage:        0 bytes
 Hardware stack levels used:    1
 This function calls:
		Nothing
 This function is called by:
		_isr
		i2_RXrestart
 This function uses a non-reentrant model


 *************** function _RecieveError *****************
 Defined at:
		line 25 in file "../usart.h"
 Parameters:    Size  Location     Type
		None
 Auto vars:     Size  Location     Type
		None
 Return value:  Size  Location     Type
                  1    wreg      void 
 Registers used:
		None
 Tracked objects:
		On entry : 
		On exit  : 
		Unchanged: 
 Data sizes:     COMRAM   BANK0   BANK1   BANK2   BANK3   BANK4   BANK5
      Params:         0       0       0       0       0       0       0
      Locals:         0       0       0       0       0       0       0
      Temps:          0       0       0       0       0       0       0
      Totals:         0       0       0       0       0       0       0
Total ram usage:        0 bytes
 Hardware stack levels used:    1
 This function calls:
		Nothing
 This function is called by:
		_isr
 This function uses a non-reentrant model


 *************** function _RXstartTIMER *****************
 Defined at:
		line 2 in file "../usart.h"
 Parameters:    Size  Location     Type
		None
 Auto vars:     Size  Location     Type
		None
 Return value:  Size  Location     Type
                  1    wreg      void 
 Registers used:
		wreg, status,2
 Tracked objects:
		On entry : 
		On exit  : 
		Unchanged: 
 Data sizes:     COMRAM   BANK0   BANK1   BANK2   BANK3   BANK4   BANK5
      Params:         0       0       0       0       0       0       0
      Locals:         0       0       0       0       0       0       0
      Temps:          0       0       0       0       0       0       0
      Totals:         0       0       0       0       0       0       0
Total ram usage:        0 bytes
 Hardware stack levels used:    1
 This function calls:
		Nothing
 This function is called by:
		_isr
 This function uses a non-reentrant model



MODULE INFORMATION

Module		Function		Class		Link	Load	Size
C:\Program Files (x86)\Microchip\xc8\v2.00\pic\sources\c90\common\ftneg.c
		___ftneg       		CODE           	22D0	0000	31

C:\Program Files (x86)\Microchip\xc8\v2.00\pic\sources\c90\common\ftneg.c estimated size: 31

../main.c
		_main          		CODE           	188A	0000	193

../main.c estimated size: 193

C:\Program Files (x86)\Microchip\xc8\v2.00\pic\sources\c90\common\ftsub.c
		___ftsub       		CODE           	1FF6	0000	59

C:\Program Files (x86)\Microchip\xc8\v2.00\pic\sources\c90\common\ftsub.c estimated size: 59

C:\Program Files (x86)\Microchip\xc8\v2.00\pic\sources\c90\common\float.c
		___ftpack      		CODE           	1B48	0000	153

C:\Program Files (x86)\Microchip\xc8\v2.00\pic\sources\c90\common\float.c estimated size: 153

../nextion.h
		_CreateBuffTX  		CODE           	1BE0	0000	151
		_SetupMode     		CODE           	068A	0000	999
		_SendUSART     		CODE           	2326	0000	29
		_LCDversionSend		CODE           	21BE	0000	43
		_ReadStatusFromLCD		CODE           	1532	0000	227
		_Tramsmitt     		CODE           	238E	0000	23
		_ConvertNumber 		CODE           	130E	0000	319
		_LCDpageSelect 		CODE           	1DF2	0000	109
		_SendStatusToLCD		CODE           	0DAE	0000	659
		_waitAckFromLCD		CODE           	1F14	0000	85

../nextion.h estimated size: 2644

../eep.h
		_EEsetupRead   		CODE           	0A70	0000	831
		_EEmbandRead   		CODE           	20D4	0000	51
		_readEEPROM    		CODE           	2342	0000	27
		_writeEEPROM   		CODE           	2068	0000	55
		_readEEPROM16  		CODE           	2212	0000	41
		_writeEEPROM16 		CODE           	2262	0000	39

../eep.h estimated size: 1044

C:\Program Files (x86)\Microchip\xc8\v2.00\pic\sources\c90\common\ftmul.c
		___ftmul       		CODE           	1614	0000	219

C:\Program Files (x86)\Microchip\xc8\v2.00\pic\sources\c90\common\ftmul.c estimated size: 219

../usart.h
		_RXstopTIMER   		CODE           	23C4	0000	11
		_RXstartTIMER  		CODE           	23B4	0000	17
		_isr           		CODE           	0008	0000	181
		_RXrestart     		CODE           	2194	0000	43
		_RecieveError  		CODE           	22AE	0000	35

../usart.h estimated size: 287

../digital.h
		_FreqMeasure   		CODE           	194A	0000	179
		_SetBand       		CODE           	1CF6	0000	129
		_FanControl    		CODE           	1D76	0000	125
		_SwitchOFF     		CODE           	23A4	0000	17
		_DelayS        		CODE           	209E	0000	55
		_PTT_OFF       		CODE           	235C	0000	27
		_DelayMs       		CODE           	2288	0000	39
		_ProtectCheck  		CODE           	144C	0000	231
		_AntennaSelect 		CODE           	2376	0000	25
		_PTT_read      		CODE           	230A	0000	29
		_BandDecode    		CODE           	1AAA	0000	159
		_Beep          		CODE           	22EE	0000	29
		_PTT_ON        		CODE           	2166	0000	47
		_PttHoldControl		CODE           	2106	0000	49

../digital.h estimated size: 1140

C:\Program Files (x86)\Microchip\xc8\v2.00\pic\sources\c90\common\__lldiv.c
		___lldiv       		CODE           	1C76	0000	129

C:\Program Files (x86)\Microchip\xc8\v2.00\pic\sources\c90\common\__lldiv.c estimated size: 129

C:\Program Files (x86)\Microchip\xc8\v2.00\pic\sources\c90\common\lwdiv.c
		___lwdiv       		CODE           	1EC0	0000	85

C:\Program Files (x86)\Microchip\xc8\v2.00\pic\sources\c90\common\lwdiv.c estimated size: 85

shared
		i2_RXrestart   		CODE           	21E8	0000	43
		__initialization		CODE           	1FBA	0000	43
		i2_RXstopTIMER 		CODE           	23CE	0000	11

shared estimated size: 97

C:\Program Files (x86)\Microchip\xc8\v2.00\pic\sources\c90\common\fttol.c
		___fttol       		CODE           	17BE	0000	205

C:\Program Files (x86)\Microchip\xc8\v2.00\pic\sources\c90\common\fttol.c estimated size: 205

C:\Program Files (x86)\Microchip\xc8\v2.00\pic\sources\c90\common\ftge.c
		___ftge        		CODE           	1E5E	0000	99

C:\Program Files (x86)\Microchip\xc8\v2.00\pic\sources\c90\common\ftge.c estimated size: 99

C:\Program Files (x86)\Microchip\xc8\v2.00\pic\sources\c90\common\ftadd.c
		___ftadd       		CODE           	1040	0000	371

C:\Program Files (x86)\Microchip\xc8\v2.00\pic\sources\c90\common\ftadd.c estimated size: 371

C:\Program Files (x86)\Microchip\xc8\v2.00\pic\sources\c90\common\fabs.c
		_fabs          		CODE           	2030	0000	57

C:\Program Files (x86)\Microchip\xc8\v2.00\pic\sources\c90\common\fabs.c estimated size: 57

C:\Program Files (x86)\Microchip\xc8\v2.00\pic\sources\c90\common\sprcsqrt.c
		_sqrt          		CODE           	11B2	0000	349

C:\Program Files (x86)\Microchip\xc8\v2.00\pic\sources\c90\common\sprcsqrt.c estimated size: 349

../adc.h
		_ADC           		CODE           	2136	0000	49
		_ADCmeasure    		CODE           	19FC	0000	175
		_SlowControl   		CODE           	16EE	0000	209

../adc.h estimated size: 433

C:\Program Files (x86)\Microchip\xc8\v2.00\pic\sources\c90\common\lwtoft.c
		___lwtoft      		CODE           	223A	0000	41

C:\Program Files (x86)\Microchip\xc8\v2.00\pic\sources\c90\common\lwtoft.c estimated size: 41

C:\Program Files (x86)\Microchip\xc8\v2.00\pic\sources\c90\common\lltoft.c
		___lltoft      		CODE           	1F68	0000	83

C:\Program Files (x86)\Microchip\xc8\v2.00\pic\sources\c90\common\lltoft.c estimated size: 83

